waiting for lab4 21:06
start 21:14
[transformers] PyTorch was not found. Models won't be available and only tokenizers, configuration and file/data utilities can be used.
Warning: You are sending unauthenticated requests to the HF Hub. Please set a HF_TOKEN to enable higher rate limits and faster downloads.
train {'neutral': 1634, 'positive': 913, 'negative': 453}
validation {'neutral': 272, 'positive': 152, 'negative': 76}
test {'neutral': 321, 'positive': 121, 'negative': 58}
stress {'neutral': 34, 'positive': 33, 'negative': 33}
     C class_weight  accuracy  macro_f1  f1_positive  f1_negative  f1_neutral
1000.0     balanced     0.652     0.576        0.589        0.397       0.742
3000.0     balanced     0.640     0.571        0.575        0.409       0.729
 100.0     balanced     0.644     0.569        0.591        0.380       0.735
 300.0     balanced     0.642     0.568        0.578        0.391       0.734
  10.0     balanced     0.634     0.564        0.580        0.386       0.724
tfidf best 1000.0 balanced fit 0.3 s
zero_shot test 50 {"label": "positive"} 0.44s
zero_shot test 100 {"label": "neutral"} 0.41s
zero_shot test 150 {"label": "neutral"} 0.41s
zero_shot test 200 {"label": "neutral"} 4.80s
zero_shot test 250 {"label": "positive"} 0.39s
zero_shot test 300 {"label": "neutral"} 0.40s
zero_shot test 350 {"label": "neutral"} 0.52s
zero_shot test 400 {"label": "positive"} 0.39s
zero_shot test 450 {"label": "neutral"} 0.40s
zero_shot stress 0 {"label": "positive"} 0.39s
zero_shot stress 50 {"label": "negative"} 0.49s
few_shot test 0 {"label": "neutral"} 0.49s
few_shot test 50 {"label": "positive"} 0.39s
few_shot test 100 {"label": "neutral"} 0.39s
few_shot test 150 {"label": "positive"} 0.39s
few_shot test 200 {"label": "neutral"} 0.39s
few_shot test 250 {"label": "positive"} 0.38s
few_shot test 300 {"label": "positive"} 0.40s
few_shot test 350 {"label": "neutral"} 0.49s
few_shot test 400 {"label": "neutral"} 0.38s
few_shot test 450 {"label": "neutral"} 0.39s
few_shot stress 0 {"label": "positive"} 0.39s
few_shot stress 50 {"label": "negative"} 0.53s
                               0             1            2            3
method                  baseline  tfidf_logreg    zero_shot     few_shot
test_accuracy              0.642          0.66        0.646        0.662
test_macro_f1              0.261         0.561        0.639        0.649
test_macro_f1_ci     0.250-0.271   0.513-0.608  0.591-0.681  0.600-0.688
stress_accuracy             0.34           0.4         0.88         0.87
stress_macro_f1            0.169         0.362         0.88         0.87
f1_drop                    0.092         0.198       -0.241       -0.222
ms_per_text_batch            0.0         0.009          NaN          NaN
ms_per_text_single         0.016         0.264      472.101      445.558
tokens_in_mean               NaN           NaN      338.174      564.174
tokens_out_mean              NaN           NaN          7.0          7.0
ollama_in_mean               NaN           NaN      338.174      564.174
ollama_out_mean              NaN           NaN          7.0          7.0
invalid_json                 NaN           NaN          0.0          0.0
tokens_in_per_1000           NaN           NaN     338174.0     564174.0
tokens_out_per_1000          NaN           NaN       7000.0       7000.0
minutes_per_1000             0.0         0.004        7.868        7.426
cost_per_1000_rub            0.0           0.0          0.0          0.0
            baseline  tfidf_logreg  zero_shot  few_shot
phenomenon                                             
irony           0.15          0.20       0.75      0.65
mixed           0.40          0.55       0.90      0.90
negation        0.40          0.30       1.00      1.00
quote           0.35          0.45       0.80      0.85
typos           0.40          0.50       0.95      0.95
tfidf fit s 0.3
EXIT 0 21:30
