version_1 2497493 rejected
version_1 644737 valid
version_1 2459114 valid
version_1 211588 valid
version_1 2710914 rejected
version_1 2903297 rejected
version_1 826379 rejected
version_1 591673 rejected
version_1 824400 valid
version_1 1326637 valid
version_1 2403676 rejected
version_1 5801040 rejected
version_1 6993980 rejected
version_1 2410110 valid
version_1 2424525 rejected
version_1 267729 valid
version_1 2439706 rejected
version_1 815444 valid
version_1 6275749 rejected
version_1 817386 rejected
version_1 5801796 rejected
version_1 2673885 valid
version_1 822853 valid
version_1 884467 rejected
version_1 810713 valid
version_1 3188437 rejected
version_1 2702457 valid
version_1 2703065 valid
version_1 2513399 rejected
version_1 828556 rejected
version_1 2448225 valid
version_1 2818054 rejected
version_1 547905 valid
version_1 591900 valid
version_1 591856 rejected
version_1 275243 valid
version_1 2660532 valid
version_1 942280 valid
version_1 2492997 rejected
version_1 618967 rejected
version_1 950351 valid
version_1 255563 rejected
version_1 2719942 rejected
version_1 806166 valid
version_1 2538754 rejected
version_1 2679540 rejected
version_1 2671137 rejected
version_1 2509783 valid
version_1 1031967 valid
version_1 877448 rejected
final 2497493 valid
final 644737 rejected
final 2459114 valid
final 211588 fixed_by_retry
final 2710914 valid
final 2903297 valid
final 826379 valid
final 591673 valid
final 824400 valid
final 1326637 rejected
final 2403676 valid
final 5801040 fixed_by_retry
final 6993980 valid
final 2410110 valid
final 2424525 fixed_by_retry
final 267729 valid
final 2439706 valid
final 815444 fixed_by_retry
final 6275749 rejected
final 817386 fixed_by_retry
final 5801796 valid
final 2673885 fixed_by_retry
final 822853 rejected
final 884467 rejected
final 810713 fixed_by_retry
final 3188437 valid
final 2702457 fixed_by_retry
final 2703065 valid
final 2513399 fixed_by_retry
final 828556 valid
final 2448225 valid
final 2818054 valid
final 547905 valid
final 591900 valid
final 591856 fixed_by_retry
final 275243 valid
final 2660532 fixed_by_retry
final 942280 valid
final 2492997 valid
final 618967 rejected
final 950351 fixed_by_retry
final 255563 valid
final 2719942 valid
final 806166 rejected
final 2538754 rejected
final 2679540 rejected
final 2671137 valid
final 2509783 valid
final 1031967 valid
final 877448 valid
